../Core/Src/main.c:31:6:printmsg	24	static
../Core/Src/main.c:39:5:main	16	static
../Core/Src/main.c:73:6:vHandlerTask	72	static
../Core/Src/main.c:86:6:vPeriodicTask	16	static
../Core/Src/main.c:103:6:EXTI0_IRQHandler	8	static
../Core/Src/main.c:108:6:HAL_GPIO_EXTI_Callback	24	static,ignoring_inline_asm
../Core/Src/main.c:124:6:rtos_delay	24	static
../Core/Src/main.c:133:13:prvSetupUart	16	static
../Core/Src/main.c:152:13:prvSetupHardware	8	static
../Core/Src/main.c:160:13:prvSetupGPIO	40	static
../Core/Src/main.c:188:6:SystemClock_Config	88	static
../Core/Src/main.c:230:6:Error_Handler	4	static,ignoring_inline_asm
