../Core/Src/main.c:75:5:main	144	static
../Core/Src/main.c:159:8:UART_Log	16	static
../Core/Src/main.c:164:8:W25_Wait_Busy	16	static
../Core/Src/main.c:175:8:W25_Write_Enable	16	static
../Core/Src/main.c:182:8:W25_Write_Page	32	static
../Core/Src/main.c:202:8:W25_Read_Data	32	static
../Core/Src/main.c:219:8:W25_Erase_Sector	24	static
../Core/Src/main.c:237:8:EXTI0_IRQHandler	8	static
../Core/Src/main.c:241:8:HAL_GPIO_EXTI_Callback	16	static
../Core/Src/main.c:246:8:delay_us	16	static
../Core/Src/main.c:252:7:get_distance	16	static
../Core/Src/main.c:291:6:SystemClock_Config	88	static
../Core/Src/main.c:338:13:MX_SPI1_Init	8	static
../Core/Src/main.c:377:13:MX_TIM3_Init	32	static
../Core/Src/main.c:426:13:MX_USART2_UART_Init	8	static
../Core/Src/main.c:460:13:MX_GPIO_Init	40	static
../Core/Src/main.c:520:6:Error_Handler	4	static,ignoring_inline_asm
