../Core/Src/main.c:29:6:printmsg	24	static
../Core/Src/main.c:38:5:main	16	static
../Core/Src/main.c:61:6:led_task_handler	16	static
../Core/Src/main.c:84:6:button_task_handler	16	static
../Core/Src/main.c:107:13:prvSetupUart	16	static
../Core/Src/main.c:126:13:prvSetupHardware	8	static
../Core/Src/main.c:134:13:prvSetupGPIO	40	static
../Core/Src/main.c:156:6:SystemClock_Config	88	static
../Core/Src/main.c:203:13:MX_USART2_UART_Init	8	static
../Core/Src/main.c:234:13:MX_GPIO_Init	40	static
../Core/Src/main.c:282:6:Error_Handler	4	static,ignoring_inline_asm
