../Core/Src/main.c:35:6:printmsg	24	static
../Core/Src/main.c:44:5:main	16	static
../Core/Src/main.c:70:6:EXTI0_IRQHandler	8	static
../Core/Src/main.c:75:6:HAL_GPIO_EXTI_Callback	16	static
../Core/Src/main.c:80:6:vtask1_handler	24	static
../Core/Src/main.c:115:6:vtask2_handler	24	static
../Core/Src/main.c:149:6:rtos_delay	24	static
../Core/Src/main.c:158:13:prvSetupUart	16	static
../Core/Src/main.c:177:13:prvSetupHardware	8	static
../Core/Src/main.c:185:13:prvSetupGPIO	40	static
../Core/Src/main.c:211:6:SystemClock_Config	88	static
../Core/Src/main.c:284:6:Error_Handler	4	static,ignoring_inline_asm
