../Core/Src/main.c:79:6:printmsg	24	static
../Core/Src/main.c:92:5:main	16	static
../Core/Src/main.c:184:6:SystemClock_Config	88	static
../Core/Src/main.c:231:13:MX_USART2_UART_Init	8	static
../Core/Src/main.c:264:13:MX_GPIO_Init	40	static
../Core/Src/main.c:291:6:vManagerTask	24	static,ignoring_inline_asm
../Core/Src/main.c:321:6:vEmployeeTask	24	static
../Core/Src/main.c:346:6:EmployeeDoWork	16	static
../Core/Src/main.c:353:6:rtos_delay	24	static
../Core/Src/main.c:376:6:Error_Handler	4	static,ignoring_inline_asm
