../Core/Src/main.c:65:6:delay_us	16	static
../Core/Src/main.c:73:7:HCSR04_Read	16	static
../Core/Src/main.c:110:6:W25Q_WriteEnable	16	static
../Core/Src/main.c:121:6:W25Q_SectorErase	24	static
../Core/Src/main.c:141:6:W25Q_WriteData	32	static
../Core/Src/main.c:163:6:W25Q_ReadData	32	static
../Core/Src/main.c:182:6:SensorTask	24	static
../Core/Src/main.c:207:6:AlertTask	24	static
../Core/Src/main.c:235:6:UARTTask	176	static
../Core/Src/main.c:288:6:FlashTask	128	static
../Core/Src/main.c:322:5:main	16	static
../Core/Src/main.c:388:6:SystemClock_Config	88	static
../Core/Src/main.c:429:13:MX_SPI1_Init	8	static
../Core/Src/main.c:462:13:MX_TIM2_Init	32	static
../Core/Src/main.c:502:13:MX_USART2_UART_Init	8	static
../Core/Src/main.c:530:13:MX_GPIO_Init	48	static
../Core/Src/main.c:575:6:HAL_TIM_PeriodElapsedCallback	16	static
../Core/Src/main.c:589:6:Error_Handler	4	static,ignoring_inline_asm
