../Core/Src/main.c:69:5:main	16	static
../Core/Src/main.c:113:6:SystemClock_Config	88	static
../Core/Src/main.c:159:13:MX_TIM3_Init	8	static
../Core/Src/main.c:172:13:MX_SPI1_Init	8	static
../Core/Src/main.c:207:13:MX_TIM2_Init	32	static
../Core/Src/main.c:250:13:MX_USART2_UART_Init	8	static
../Core/Src/main.c:283:13:MX_GPIO_Init	48	static
../Core/Src/main.c:338:6:delay_us	24	static
../Core/Src/main.c:347:6:HCSR04_Trigger	8	static
../Core/Src/main.c:361:7:HCSR04_ReadDistance	16	static
../Core/Src/main.c:385:6:HAL_TIM_IC_CaptureCallback	16	static
../Core/Src/main.c:434:6:SensorTask	24	static
../Core/Src/main.c:459:6:AlertTask	24	static
../Core/Src/main.c:481:6:UARTTask	128	static
../Core/Src/main.c:496:6:FlashTask	136	static
../Core/Src/main.c:567:6:HAL_TIM_PeriodElapsedCallback	16	static
../Core/Src/main.c:581:6:Error_Handler	4	static,ignoring_inline_asm
