../Driver/src/stm32f407xx_uart_driver.c:17:6:USART_PeriClockControl	16	static
../Driver/src/stm32f407xx_uart_driver.c:66:6:USART_PeripheralControl	16	static
../Driver/src/stm32f407xx_uart_driver.c:92:9:USART_GetFlagStatus	16	static
../Driver/src/stm32f407xx_uart_driver.c:115:6:USART_SetBaudRate	40	static
../Driver/src/stm32f407xx_uart_driver.c:194:6:USART_Init	24	static
../Driver/src/stm32f407xx_uart_driver.c:294:6:USART_DeInit	16	static
../Driver/src/stm32f407xx_uart_driver.c:317:6:USART_SendData	32	static
../Driver/src/stm32f407xx_uart_driver.c:375:6:USART_ReceiveData	32	static
../Driver/src/stm32f407xx_uart_driver.c:445:9:USART_SendDataIT	32	static
../Driver/src/stm32f407xx_uart_driver.c:479:9:USART_ReceiveDataIT	32	static
../Driver/src/stm32f407xx_uart_driver.c:498:6:USART_IRQInterruptConfig	16	static
../Driver/src/stm32f407xx_uart_driver.c:537:6:USART_IRQPriorityConfig	24	static
../Driver/src/stm32f407xx_uart_driver.c:549:6:USART_IRQHandling	32	static
../Driver/src/stm32f407xx_uart_driver.c:816:13:USART_ApplicationEventCallback	16	static
