../Core/Src/main.c:92:6:printmsg	24	static
../Core/Src/main.c:102:5:main	16	static
../Core/Src/main.c:167:6:vTask1_menu_display	24	static
../Core/Src/main.c:179:6:vTask2_cmd_handling	24	static
../Core/Src/main.c:202:6:vTask3_cmd_processing	32	static
../Core/Src/main.c:246:6:vTask4_uart_write	24	static
../Core/Src/main.c:256:6:HAL_UART_RxCpltCallback	32	static,ignoring_inline_asm
../Core/Src/main.c:279:9:getCommandCode	16	static
../Core/Src/main.c:284:6:getArguments	16	static
../Core/Src/main.c:289:6:make_led_on	8	static
../Core/Src/main.c:294:6:make_led_off	8	static
../Core/Src/main.c:299:6:led_toggle	16	static
../Core/Src/main.c:304:6:led_toggle_start	32	static
../Core/Src/main.c:318:6:led_toggle_stop	16	static
../Core/Src/main.c:323:6:read_led_status	24	static
../Core/Src/main.c:335:6:print_error_message	16	static
../Core/Src/main.c:340:6:rtos_delay	24	static
../Core/Src/main.c:355:6:SystemClock_Config	88	static
../Core/Src/main.c:402:13:MX_USART2_UART_Init	8	static
../Core/Src/main.c:437:13:MX_GPIO_Init	40	static
../Core/Src/main.c:480:6:Error_Handler	4	static,ignoring_inline_asm
