12:35:58 **** Incremental Build of configuration Debug for project 37_Systick_BareMetal ****
make -j12 all 
arm-none-eabi-gcc "../Src/systic.c" -mcpu=cortex-m4 -std=gnu11 -g3 -DDEBUG -DSTM32 -DSTM32F407G_DISC1 -DSTM32F4 -DSTM32F407VGTx -c -I../Inc -O0 -ffunction-sections -fdata-sections -Wall -fstack-usage -fcyclomatic-complexity -MMD -MP -MF"Src/systic.d" -MT"Src/systic.o" --specs=nano.specs -mfpu=fpv4-sp-d16 -mfloat-abi=hard -mthumb -o "Src/systic.o"
arm-none-eabi-gcc -o "37_Systick_BareMetal.elf" @"objects.list"   -mcpu=cortex-m4 -T"D:\005_STM32\37_Systick_BareMetal\STM32F407VGTX_FLASH.ld" --specs=nosys.specs -Wl,-Map="37_Systick_BareMetal.map" -Wl,--gc-sections -static --specs=nano.specs -mfpu=fpv4-sp-d16 -mfloat-abi=hard -mthumb -Wl,--start-group -lc -lm -Wl,--end-group
Finished building target: 37_Systick_BareMetal.elf
 
arm-none-eabi-size  37_Systick_BareMetal.elf 
arm-none-eabi-objdump -h -S 37_Systick_BareMetal.elf  > "37_Systick_BareMetal.list"
   text	   data	    bss	    dec	    hex	filename
   2308	      4	   1564	   3876	    f24	37_Systick_BareMetal.elf
Finished building: default.size.stdout
 
Finished building: 37_Systick_BareMetal.list
 

12:35:59 Build Finished. 0 errors, 0 warnings. (took 814ms)

