13:56:15 **** Build of configuration Debug for project 39_Ultrasonic_test_with_GPIO_Driver ****
make -j12 all 
arm-none-eabi-gcc -mcpu=cortex-m4 -g3 -DDEBUG -c -I"D:/005_STM32/39_Ultrasonic_test_with_GPIO_Driver/Drivers/inc" -I"D:/005_STM32/39_Ultrasonic_test_with_GPIO_Driver/Drivers/src" -x assembler-with-cpp -MMD -MP -MF"Startup/startup_stm32f407vgtx.d" -MT"Startup/startup_stm32f407vgtx.o" --specs=nano.specs -mfpu=fpv4-sp-d16 -mfloat-abi=hard -mthumb -o "Startup/startup_stm32f407vgtx.o" "../Startup/startup_stm32f407vgtx.s"
arm-none-eabi-gcc "../Src/main.c" -mcpu=cortex-m4 -std=gnu11 -g3 -DDEBUG -DSTM32 -DSTM32F407G_DISC1 -DSTM32F4 -DSTM32F407VGTx -c -I../Inc -I"D:/005_STM32/39_Ultrasonic_test_with_GPIO_Driver/Drivers/inc" -I"D:/005_STM32/39_Ultrasonic_test_with_GPIO_Driver/Drivers/src" -O0 -ffunction-sections -fdata-sections -Wall -fstack-usage -fcyclomatic-complexity -MMD -MP -MF"Src/main.d" -MT"Src/main.o" --specs=nano.specs -mfpu=fpv4-sp-d16 -mfloat-abi=hard -mthumb -o "Src/main.o"
arm-none-eabi-gcc "../Src/syscalls.c" -mcpu=cortex-m4 -std=gnu11 -g3 -DDEBUG -DSTM32 -DSTM32F407G_DISC1 -DSTM32F4 -DSTM32F407VGTx -c -I../Inc -I"D:/005_STM32/39_Ultrasonic_test_with_GPIO_Driver/Drivers/inc" -I"D:/005_STM32/39_Ultrasonic_test_with_GPIO_Driver/Drivers/src" -O0 -ffunction-sections -fdata-sections -Wall -fstack-usage -fcyclomatic-complexity -MMD -MP -MF"Src/syscalls.d" -MT"Src/syscalls.o" --specs=nano.specs -mfpu=fpv4-sp-d16 -mfloat-abi=hard -mthumb -o "Src/syscalls.o"
arm-none-eabi-gcc "../Src/sysmem.c" -mcpu=cortex-m4 -std=gnu11 -g3 -DDEBUG -DSTM32 -DSTM32F407G_DISC1 -DSTM32F4 -DSTM32F407VGTx -c -I../Inc -I"D:/005_STM32/39_Ultrasonic_test_with_GPIO_Driver/Drivers/inc" -I"D:/005_STM32/39_Ultrasonic_test_with_GPIO_Driver/Drivers/src" -O0 -ffunction-sections -fdata-sections -Wall -fstack-usage -fcyclomatic-complexity -MMD -MP -MF"Src/sysmem.d" -MT"Src/sysmem.o" --specs=nano.specs -mfpu=fpv4-sp-d16 -mfloat-abi=hard -mthumb -o "Src/sysmem.o"
arm-none-eabi-gcc "../Drivers/src/stm32f4xx_gpio_driver.c" -mcpu=cortex-m4 -std=gnu11 -g3 -DDEBUG -DSTM32 -DSTM32F407G_DISC1 -DSTM32F4 -DSTM32F407VGTx -c -I../Inc -I"D:/005_STM32/39_Ultrasonic_test_with_GPIO_Driver/Drivers/inc" -I"D:/005_STM32/39_Ultrasonic_test_with_GPIO_Driver/Drivers/src" -O0 -ffunction-sections -fdata-sections -Wall -fstack-usage -fcyclomatic-complexity -MMD -MP -MF"Drivers/src/stm32f4xx_gpio_driver.d" -MT"Drivers/src/stm32f4xx_gpio_driver.o" --specs=nano.specs -mfpu=fpv4-sp-d16 -mfloat-abi=hard -mthumb -o "Drivers/src/stm32f4xx_gpio_driver.o"
../Src/main.c:22:4: warning: #warning "FPU is not initialized, but the project is compiling for an FPU. Please initialize the FPU before use." [-Wcpp]
   22 |   #warning "FPU is not initialized, but the project is compiling for an FPU. Please initialize the FPU before use."
      |    ^~~~~~~
arm-none-eabi-gcc -o "39_Ultrasonic_test_with_GPIO_Driver.elf" @"objects.list"   -mcpu=cortex-m4 -T"D:\005_STM32\39_Ultrasonic_test_with_GPIO_Driver\STM32F407VGTX_FLASH.ld" --specs=nosys.specs -Wl,-Map="39_Ultrasonic_test_with_GPIO_Driver.map" -Wl,--gc-sections -static --specs=nano.specs -mfpu=fpv4-sp-d16 -mfloat-abi=hard -mthumb -Wl,--start-group -lc -lm -Wl,--end-group
Finished building target: 39_Ultrasonic_test_with_GPIO_Driver.elf
 
arm-none-eabi-size  39_Ultrasonic_test_with_GPIO_Driver.elf 
arm-none-eabi-objdump -h -S 39_Ultrasonic_test_with_GPIO_Driver.elf  > "39_Ultrasonic_test_with_GPIO_Driver.list"
   text	   data	    bss	    dec	    hex	filename
    652	      0	   1568	   2220	    8ac	39_Ultrasonic_test_with_GPIO_Driver.elf
Finished building: default.size.stdout
 
Finished building: 39_Ultrasonic_test_with_GPIO_Driver.list
 

13:56:17 Build Finished. 0 errors, 1 warnings. (took 1s.666ms)

