18:48:26 **** Incremental Build of configuration Debug for project 41_ExternalFlash_with_Ultrasonicc ****
make -j12 all 
arm-none-eabi-gcc "../Core/Src/main.c" -mcpu=cortex-m4 -std=gnu11 -g3 -DDEBUG -DUSE_HAL_DRIVER -DSTM32F407xx -c -I../Core/Inc -I../Drivers/STM32F4xx_HAL_Driver/Inc -I../Drivers/STM32F4xx_HAL_Driver/Inc/Legacy -I../Drivers/CMSIS/Device/ST/STM32F4xx/Include -I../Drivers/CMSIS/Include -O0 -ffunction-sections -fdata-sections -Wall -fstack-usage -fcyclomatic-complexity -MMD -MP -MF"Core/Src/main.d" -MT"Core/Src/main.o" --specs=nano.specs -mfpu=fpv4-sp-d16 -mfloat-abi=hard -mthumb -o "Core/Src/main.o"
arm-none-eabi-gcc -o "41_ExternalFlash_with_Ultrasonicc.elf" @"objects.list"   -mcpu=cortex-m4 -T"D:\005_STM32\41_ExternalFlash_with_Ultrasonicc\STM32F407VGTX_FLASH.ld" --specs=nosys.specs -Wl,-Map="41_ExternalFlash_with_Ultrasonicc.map" -Wl,--gc-sections -static --specs=nano.specs -mfpu=fpv4-sp-d16 -mfloat-abi=hard -mthumb -Wl,--start-group -lc -lm -Wl,--end-group
Finished building target: 41_ExternalFlash_with_Ultrasonicc.elf
 
arm-none-eabi-size  41_ExternalFlash_with_Ultrasonicc.elf 
arm-none-eabi-objdump -h -S 41_ExternalFlash_with_Ultrasonicc.elf  > "41_ExternalFlash_with_Ultrasonicc.list"
   text	   data	    bss	    dec	    hex	filename
  17664	     92	   2148	  19904	   4dc0	41_ExternalFlash_with_Ultrasonicc.elf
Finished building: default.size.stdout
 
Finished building: 41_ExternalFlash_with_Ultrasonicc.list
 

18:48:27 Build Finished. 0 errors, 0 warnings. (took 938ms)

